// Jest Snapshot v1, https://goo.gl/fbAQLP

exports[`Testing <GifItem/> should match with stapshot 1`] = `
<div>
  <div
    class="card"
  >
    <img
      alt="title"
      src="https://test.com/"
    />
    <p>
      title
    </p>
  </div>
</div>
`;
